
*** src/main.rs:36:5: replace parse_bind -> Option<SocketAddr> with Some(Default::default())

*** mutation diff:
--- src/main.rs
+++ replace parse_bind -> Option<SocketAddr> with Some(Default::default())
@@ -28,17 +28,17 @@
 }
 
 fn fatal(msg: &str) -> ! {
     eprintln!("bolina: fatal: {}", msg);
     std::process::exit(1);
 }
 
 fn parse_bind(spec: &str) -> Option<SocketAddr> {
-    spec.parse().ok()
+    Some(Default::default()) /* ~ changed by cargo-mutants ~ */
 }
 
 fn main() {
     // 1. Env config
     if env::var("BOLINA_TEST_CA").is_ok() {
         fatal("BOLINA_TEST_CA is dev-only; test pilots mint their CA in-process");
     }
     let bind_spec = env_or("BOLINA_BIND", DEFAULT_BIND);


*** /Users/adolfousierstudio/.rustup/toolchains/1.98.0-aarch64-apple-darwin/bin/cargo test --no-run --verbose --package=bolina@0.1.0
       Fresh cfg-if v1.0.4
       Fresh version_check v0.9.5
       Fresh unicode-ident v1.0.24
       Fresh typenum v1.20.1
       Fresh subtle v2.6.1
       Fresh semver v1.0.28
       Fresh bitflags v2.13.1
       Fresh libc v0.2.189
       Fresh rustc_version v0.4.1
       Fresh cfg_aliases v0.2.2
       Fresh rand_core v0.10.1
       Fresh objc2-encode v4.1.0
       Fresh proc-macro2 v1.0.107
       Fresh getrandom v0.2.17
       Fresh objc2 v0.6.4
       Fresh option-ext v0.2.0
       Fresh winnow v1.0.4
       Fresh equivalent v1.0.2
       Fresh hashbrown v0.17.1
       Fresh quote v1.0.47
       Fresh generic-array v0.14.7
       Fresh rand_core v0.6.4
       Fresh dirs-sys v0.5.0
       Fresh indexmap v2.14.1
       Fresh toml_parser v1.1.3+spec-1.1.0
       Fresh getrandom v0.4.3
       Fresh block2 v0.6.2
       Fresh crypto-common v0.1.7
       Fresh syn v2.0.119
       Fresh block-buffer v0.10.4
       Fresh inout v0.1.4
       Fresh cpufeatures v0.2.17
       Fresh signature v2.2.0
       Fresh opaque-debug v0.3.1
       Fresh winnow v0.7.15
       Fresh toml_datetime v0.7.0
       Fresh nix v0.31.3
       Fresh dispatch2 v0.3.1
       Fresh zeroize_derive v1.5.0
       Fresh digest v0.10.7
       Fresh universal-hash v0.5.1
       Fresh aead v0.5.2
       Fresh toml_edit v0.23.4
       Fresh ed25519 v2.2.3
       Fresh dirs v6.0.0
       Fresh syn v1.0.109
       Fresh chacha20 v0.10.2
       Fresh zeroize v1.9.0
       Fresh sha2 v0.10.9
       Fresh poly1305 v0.8.0
       Fresh proc-macro-crate v3.4.0
       Fresh shellexpand v3.1.2
       Fresh rand v0.10.2
       Fresh blake2 v0.10.6
       Fresh serde_derive v1.0.219
       Fresh ctrlc v3.5.2
       Fresh cipher v0.4.4
       Fresh curve25519-dalek v4.1.3
       Fresh errno v0.3.14
       Fresh ntest_timeout v0.9.5
       Fresh serde v1.0.219
       Fresh ntest_test_cases v0.9.5
       Fresh memchr v2.8.3
       Fresh ryu v1.0.23
       Fresh itoa v1.0.18
       Fresh once_cell v1.21.4
       Fresh chacha20 v0.9.1
       Fresh x25519-dalek v2.0.1
       Fresh ed25519-dalek v2.1.1
       Fresh rustix v1.1.4
       Fresh fastrand v2.5.0
       Fresh ntest v0.9.5
       Fresh hex v0.4.3
       Fresh hex-literal v0.4.1
       Fresh chacha20poly1305 v0.10.1
       Fresh serde_json v1.0.140
       Fresh tempfile v3.27.0
warning: unused import: `std::fs`
 --> tests/ca.rs:4:5
  |
4 | use std::fs;
  |     ^^^^^^^
  |
  = note: `#[warn(unused_imports)]` (part of `#[warn(unused)]`) on by default

       Dirty bolina v0.1.0 (/Users/adolfousierstudio/srv/rs/bolina-rs): the file `src/main.rs` has changed (1788110395.546741748s, 6s after last build at 1788110389.210727451s)
   Compiling bolina v0.1.0 (/Users/adolfousierstudio/srv/rs/bolina-rs)
warning: unused variable: `i_sig`
  --> tests/transport.rs:52:9
   |
52 |     let i_sig = sigpub(0xC1);
   |         ^^^^^ help: if this is intentional, prefix it with an underscore: `_i_sig`
   |
   = note: `#[warn(unused_variables)]` (part of `#[warn(unused)]`) on by default

warning: `bolina` (test "ca") generated 1 warning (run `cargo fix --test "ca" -p bolina` to apply 1 suggestion)
     Running `/Users/adolfousierstudio/.rustup/toolchains/1.98.0-aarch64-apple-darwin/bin/rustc --crate-name bolina --edition=2021 src/main.rs --error-format=json --json=diagnostic-rendered-ansi,artifacts,future-incompat --emit=dep-info,link -C embed-bitcode=no -C debuginfo=2 -C split-debuginfo=unpacked --test --check-cfg 'cfg(docsrs,test)' --check-cfg 'cfg(feature, values())' -C metadata=615ca33acbf68522 -C extra-filename=-073029ad63b04e1c --out-dir /Users/adolfousierstudio/srv/rs/bolina-rs/target/debug/deps -C incremental=/Users/adolfousierstudio/srv/rs/bolina-rs/target/debug/incremental -L dependency=/Users/adolfousierstudio/srv/rs/bolina-rs/target/debug/deps --extern blake2=/Users/adolfousierstudio/srv/rs/bolina-rs/target/debug/deps/libblake2-5ec05ea99efe1729.rlib --extern bolina=/Users/adolfousierstudio/srv/rs/bolina-rs/target/debug/deps/libbolina-e306afd0537f097b.rlib --extern chacha20poly1305=/Users/adolfousierstudio/srv/rs/bolina-rs/target/debug/deps/libchacha20poly1305-4858c044f422a705.rlib --extern ctrlc=/Users/adolfousierstudio/srv/rs/bolina-rs/target/debug/deps/libctrlc-6713bae015e83882.rlib --extern ed25519_dalek=/Users/adolfousierstudio/srv/rs/bolina-rs/target/debug/deps/libed25519_dalek-fc7a2eec7c6f38d7.rlib --extern hex=/Users/adolfousierstudio/srv/rs/bolina-rs/target/debug/deps/libhex-d8b113cf0abdd414.rlib --extern hex_literal=/Users/adolfousierstudio/srv/rs/bolina-rs/target/debug/deps/libhex_literal-6640231492c6cd06.rlib --extern ntest=/Users/adolfousierstudio/srv/rs/bolina-rs/target/debug/deps/libntest-fb8deb70921782e7.rlib --extern rand=/Users/adolfousierstudio/srv/rs/bolina-rs/target/debug/deps/librand-9427a764d31db7f2.rlib --extern rand_core=/Users/adolfousierstudio/srv/rs/bolina-rs/target/debug/deps/librand_core-dc6558177f49617a.rlib --extern serde=/Users/adolfousierstudio/srv/rs/bolina-rs/target/debug/deps/libserde-aea278c8965ca5ea.rlib --extern serde_json=/Users/adolfousierstudio/srv/rs/bolina-rs/target/debug/deps/libserde_json-f5983fd46414eda9.rlib --extern shellexpand=/Users/adolfousierstudio/srv/rs/bolina-rs/target/debug/deps/libshellexpand-1593339a951b64c2.rlib --extern subtle=/Users/adolfousierstudio/srv/rs/bolina-rs/target/debug/deps/libsubtle-2904b9fb245ece33.rlib --extern tempfile=/Users/adolfousierstudio/srv/rs/bolina-rs/target/debug/deps/libtempfile-67604e1238f1b1e4.rlib --extern x25519_dalek=/Users/adolfousierstudio/srv/rs/bolina-rs/target/debug/deps/libx25519_dalek-b7f18135123f21af.rlib`
warning: `bolina` (test "transport") generated 1 warning (run `cargo fix --test "transport" -p bolina` to apply 1 suggestion)
warning: unused import: `ntest::timeout`
  --> tests/vectors.rs:16:5
   |
16 | use ntest::timeout;
   |     ^^^^^^^^^^^^^^
   |
   = note: `#[warn(unused_imports)]` (part of `#[warn(unused)]`) on by default

warning: field `sig_hex` is never read
  --> tests/vectors.rs:49:5
   |
44 | struct Structure {
   |        --------- field in this struct
...
49 |     sig_hex: Option<String>,
   |     ^^^^^^^
   |
   = note: `#[warn(dead_code)]` (part of `#[warn(unused)]`) on by default

warning: field `expect` is never read
  --> tests/vectors.rs:65:5
   |
62 | struct Negative {
   |        -------- field in this struct
...
65 |     expect: String,
   |     ^^^^^^

     Running `/Users/adolfousierstudio/.rustup/toolchains/1.98.0-aarch64-apple-darwin/bin/rustc --crate-name bolina --edition=2021 src/main.rs --error-format=json --json=diagnostic-rendered-ansi,artifacts,future-incompat --crate-type bin --emit=dep-info,link -C embed-bitcode=no -C debuginfo=2 -C split-debuginfo=unpacked --check-cfg 'cfg(docsrs,test)' --check-cfg 'cfg(feature, values())' -C metadata=a2c94b95027788f0 -C extra-filename=-586b5ca538423cb4 --out-dir /Users/adolfousierstudio/srv/rs/bolina-rs/target/debug/deps -C incremental=/Users/adolfousierstudio/srv/rs/bolina-rs/target/debug/incremental -L dependency=/Users/adolfousierstudio/srv/rs/bolina-rs/target/debug/deps --extern blake2=/Users/adolfousierstudio/srv/rs/bolina-rs/target/debug/deps/libblake2-5ec05ea99efe1729.rlib --extern bolina=/Users/adolfousierstudio/srv/rs/bolina-rs/target/debug/deps/libbolina-e306afd0537f097b.rlib --extern chacha20poly1305=/Users/adolfousierstudio/srv/rs/bolina-rs/target/debug/deps/libchacha20poly1305-4858c044f422a705.rlib --extern ctrlc=/Users/adolfousierstudio/srv/rs/bolina-rs/target/debug/deps/libctrlc-6713bae015e83882.rlib --extern ed25519_dalek=/Users/adolfousierstudio/srv/rs/bolina-rs/target/debug/deps/libed25519_dalek-fc7a2eec7c6f38d7.rlib --extern rand=/Users/adolfousierstudio/srv/rs/bolina-rs/target/debug/deps/librand-9427a764d31db7f2.rlib --extern rand_core=/Users/adolfousierstudio/srv/rs/bolina-rs/target/debug/deps/librand_core-dc6558177f49617a.rlib --extern shellexpand=/Users/adolfousierstudio/srv/rs/bolina-rs/target/debug/deps/libshellexpand-1593339a951b64c2.rlib --extern subtle=/Users/adolfousierstudio/srv/rs/bolina-rs/target/debug/deps/libsubtle-2904b9fb245ece33.rlib --extern x25519_dalek=/Users/adolfousierstudio/srv/rs/bolina-rs/target/debug/deps/libx25519_dalek-b7f18135123f21af.rlib`
warning: `bolina` (test "vectors") generated 3 warnings (run `cargo fix --test "vectors" -p bolina` to apply 1 suggestion)
warning: unused imports: `MAC_BYTES`, `compute_mac1`, and `verify_mac1`
 --> src/transport/mod.rs:8:16
  |
8 | pub use mac1::{compute_mac1, verify_mac1, MAC_BYTES};
  |                ^^^^^^^^^^^^  ^^^^^^^^^^^  ^^^^^^^^^
  |
  = note: `#[warn(unused_imports)]` (part of `#[warn(unused)]`) on by default

warning: unused imports: `Error as NoiseError`, `HandshakeResult`, `InitiationInfo`, `Initiator`, `KeyPair`, `MSG1_BEFORE_MAC1`, `MSG1_SIZE`, `MSG2_BEFORE_MAC1`, `MSG2_SIZE`, `Responder`, and `transport_nonce`
  --> src/transport/mod.rs:10:5
   |
10 |     transport_nonce, Error as NoiseError, HandshakeResult, Initiator, InitiationInfo, KeyPair,
   |     ^^^^^^^^^^^^^^^  ^^^^^^^^^^^^^^^^^^^  ^^^^^^^^^^^^^^^  ^^^^^^^^^  ^^^^^^^^^^^^^^  ^^^^^^^
11 |     Responder, MSG1_BEFORE_MAC1, MSG1_SIZE, MSG2_BEFORE_MAC1, MSG2_SIZE,
   |     ^^^^^^^^^  ^^^^^^^^^^^^^^^^  ^^^^^^^^^  ^^^^^^^^^^^^^^^^  ^^^^^^^^^

error[E0277]: the trait bound `std::net::SocketAddr: Default` is not satisfied
  --> src/main.rs:36:10
   |
36 |     Some(Default::default()) /* ~ changed by cargo-mutants ~ */
   |          ^^^^^^^^^^^^^^^^^^ the trait `Default` is not implemented for `std::net::SocketAddr`

For more information about this error, try `rustc --explain E0277`.
warning: `bolina` (bin "bolina" test) generated 2 warnings
error: could not compile `bolina` (bin "bolina" test) due to 1 previous error; 2 warnings emitted

Caused by:
  process didn't exit successfully: `/Users/adolfousierstudio/.rustup/toolchains/1.98.0-aarch64-apple-darwin/bin/rustc --crate-name bolina --edition=2021 src/main.rs --error-format=json --json=diagnostic-rendered-ansi,artifacts,future-incompat --emit=dep-info,link -C embed-bitcode=no -C debuginfo=2 -C split-debuginfo=unpacked --test --check-cfg 'cfg(docsrs,test)' --check-cfg 'cfg(feature, values())' -C metadata=615ca33acbf68522 -C extra-filename=-073029ad63b04e1c --out-dir /Users/adolfousierstudio/srv/rs/bolina-rs/target/debug/deps -C incremental=/Users/adolfousierstudio/srv/rs/bolina-rs/target/debug/incremental -L dependency=/Users/adolfousierstudio/srv/rs/bolina-rs/target/debug/deps --extern blake2=/Users/adolfousierstudio/srv/rs/bolina-rs/target/debug/deps/libblake2-5ec05ea99efe1729.rlib --extern bolina=/Users/adolfousierstudio/srv/rs/bolina-rs/target/debug/deps/libbolina-e306afd0537f097b.rlib --extern chacha20poly1305=/Users/adolfousierstudio/srv/rs/bolina-rs/target/debug/deps/libchacha20poly1305-4858c044f422a705.rlib --extern ctrlc=/Users/adolfousierstudio/srv/rs/bolina-rs/target/debug/deps/libctrlc-6713bae015e83882.rlib --extern ed25519_dalek=/Users/adolfousierstudio/srv/rs/bolina-rs/target/debug/deps/libed25519_dalek-fc7a2eec7c6f38d7.rlib --extern hex=/Users/adolfousierstudio/srv/rs/bolina-rs/target/debug/deps/libhex-d8b113cf0abdd414.rlib --extern hex_literal=/Users/adolfousierstudio/srv/rs/bolina-rs/target/debug/deps/libhex_literal-6640231492c6cd06.rlib --extern ntest=/Users/adolfousierstudio/srv/rs/bolina-rs/target/debug/deps/libntest-fb8deb70921782e7.rlib --extern rand=/Users/adolfousierstudio/srv/rs/bolina-rs/target/debug/deps/librand-9427a764d31db7f2.rlib --extern rand_core=/Users/adolfousierstudio/srv/rs/bolina-rs/target/debug/deps/librand_core-dc6558177f49617a.rlib --extern serde=/Users/adolfousierstudio/srv/rs/bolina-rs/target/debug/deps/libserde-aea278c8965ca5ea.rlib --extern serde_json=/Users/adolfousierstudio/srv/rs/bolina-rs/target/debug/deps/libserde_json-f5983fd46414eda9.rlib --extern shellexpand=/Users/adolfousierstudio/srv/rs/bolina-rs/target/debug/deps/libshellexpand-1593339a951b64c2.rlib --extern subtle=/Users/adolfousierstudio/srv/rs/bolina-rs/target/debug/deps/libsubtle-2904b9fb245ece33.rlib --extern tempfile=/Users/adolfousierstudio/srv/rs/bolina-rs/target/debug/deps/libtempfile-67604e1238f1b1e4.rlib --extern x25519_dalek=/Users/adolfousierstudio/srv/rs/bolina-rs/target/debug/deps/libx25519_dalek-b7f18135123f21af.rlib` (exit status: 1)
warning: build failed, waiting for other jobs to finish...
warning: `bolina` (bin "bolina") generated 2 warnings (2 duplicates)
error: could not compile `bolina` (bin "bolina") due to 1 previous error; 2 warnings emitted

Caused by:
  process didn't exit successfully: `/Users/adolfousierstudio/.rustup/toolchains/1.98.0-aarch64-apple-darwin/bin/rustc --crate-name bolina --edition=2021 src/main.rs --error-format=json --json=diagnostic-rendered-ansi,artifacts,future-incompat --crate-type bin --emit=dep-info,link -C embed-bitcode=no -C debuginfo=2 -C split-debuginfo=unpacked --check-cfg 'cfg(docsrs,test)' --check-cfg 'cfg(feature, values())' -C metadata=a2c94b95027788f0 -C extra-filename=-586b5ca538423cb4 --out-dir /Users/adolfousierstudio/srv/rs/bolina-rs/target/debug/deps -C incremental=/Users/adolfousierstudio/srv/rs/bolina-rs/target/debug/incremental -L dependency=/Users/adolfousierstudio/srv/rs/bolina-rs/target/debug/deps --extern blake2=/Users/adolfousierstudio/srv/rs/bolina-rs/target/debug/deps/libblake2-5ec05ea99efe1729.rlib --extern bolina=/Users/adolfousierstudio/srv/rs/bolina-rs/target/debug/deps/libbolina-e306afd0537f097b.rlib --extern chacha20poly1305=/Users/adolfousierstudio/srv/rs/bolina-rs/target/debug/deps/libchacha20poly1305-4858c044f422a705.rlib --extern ctrlc=/Users/adolfousierstudio/srv/rs/bolina-rs/target/debug/deps/libctrlc-6713bae015e83882.rlib --extern ed25519_dalek=/Users/adolfousierstudio/srv/rs/bolina-rs/target/debug/deps/libed25519_dalek-fc7a2eec7c6f38d7.rlib --extern rand=/Users/adolfousierstudio/srv/rs/bolina-rs/target/debug/deps/librand-9427a764d31db7f2.rlib --extern rand_core=/Users/adolfousierstudio/srv/rs/bolina-rs/target/debug/deps/librand_core-dc6558177f49617a.rlib --extern shellexpand=/Users/adolfousierstudio/srv/rs/bolina-rs/target/debug/deps/libshellexpand-1593339a951b64c2.rlib --extern subtle=/Users/adolfousierstudio/srv/rs/bolina-rs/target/debug/deps/libsubtle-2904b9fb245ece33.rlib --extern x25519_dalek=/Users/adolfousierstudio/srv/rs/bolina-rs/target/debug/deps/libx25519_dalek-b7f18135123f21af.rlib` (exit status: 1)

*** result: Failure(101)
