warning: field `sig_hex` is never read
  --> tests/vectors.rs:48:5
   |
43 | struct Structure {
   |        --------- field in this struct
...
48 |     sig_hex: Option<String>,
   |     ^^^^^^^
   |
   = note: `#[warn(dead_code)]` (part of `#[warn(unused)]`) on by default

warning: field `expect` is never read
  --> tests/vectors.rs:64:5
   |
61 | struct Negative {
   |        -------- field in this struct
...
64 |     expect: String,
   |     ^^^^^^

warning: `bolina` (test "vectors") generated 2 warnings
    Finished `test` profile [unoptimized + debuginfo] target(s) in 0.10s
     Running unittests src/lib.rs (target/debug/deps/bolina-ab6b0ae0b1a1cadf)

running 0 tests

test result: ok. 0 passed; 0 failed; 0 ignored; 0 measured; 0 filtered out; finished in 0.00s

     Running tests/kat.rs (target/debug/deps/kat-7682d98320ae253b)

running 6 tests
test rfc7693_blake2s_256_of_abc ... ok
test blake2s_digest_truncation_first8_is_fingerprint_shape ... ok
test rfc8439_chacha20poly1305_aead ... ok
test rfc7748_x25519_base_point_public ... ok
test rfc7748_x25519_diffie_hellman ... ok
test rfc8032_ed25519_sign_verify ... ok

test result: ok. 6 passed; 0 failed; 0 ignored; 0 measured; 0 filtered out; finished in 0.00s

     Running tests/smoke.rs (target/debug/deps/smoke-dd225323926f8076)

running 1 test
test workspace_is_alive ... ok

test result: ok. 1 passed; 0 failed; 0 ignored; 0 measured; 0 filtered out; finished in 0.00s

     Running tests/vectors.rs (target/debug/deps/vectors-9200560cd7b9a3f9)

running 8 tests
test claim_body_wire_slices_text_subject_confidence_spans ... ok
test refusal_parses_reencodes_sig_verifies_note_is_informational ... ok
test every_negative_rejects ... ok
test effect_envelope_parses_and_verifies_under_envelope_domain ... ok
test span_parses_reencodes_sig_verifies_fields_pinned ... ok
test envelope_intent_parses_reencodes_sig_verifies_and_body_slices ... ok
test grant_parses_reencodes_sig_verifies_and_action_digest_recomputes ... ok
test cert_parses_reencodes_and_both_ca_sigs_verify ... ok

test result: ok. 8 passed; 0 failed; 0 ignored; 0 measured; 0 filtered out; finished in 0.00s

   Doc-tests bolina

running 0 tests

test result: ok. 0 passed; 0 failed; 0 ignored; 0 measured; 0 filtered out; finished in 0.00s


[lastro] exit-status=0
